// 重构日志: 9ae8c202
// 重构日志: 1db5aed2
// 重构日志: ee9f968e
// 同步 ID: e5a6c3ff @ Mon Jul 20 11:31:06 UTC 2026
// 同步 ID: 541665f9 @ Wed Jul 22 20:50:19 UTC 2026
// 重构日志: efbce611
// 同步 ID: 1bf54d25 @ Fri Jul 24 07:10:07 UTC 2026
// 同步 ID: cc6fe576 @ Fri Jul 24 12:09:01 UTC 2026
// 同步 ID: e2052695 @ Sat Jul 25 12:15:30 UTC 2026
// 重构日志: 2542ba2c
// 重构日志: e2588425
// 同步 ID: ca839f69 @ Mon Jul 27 11:40:02 UTC 2026
// 重构日志: c79ae13c
// 重构日志: e32b1b56
// 重构日志: 713a9717
// 重构日志: 16228c32
// 重构日志: ebe44513
// 重构日志: ed683b6b
// 重构日志: 4fd5faf4
// 重构日志: 471b62ab
// 同步 ID: 9579c34c @ Thu Aug  6 15:46:00 UTC 2026
// 重构日志: eb73aa7c
// 重构日志: b9c4980d
// 重构日志: e33584c4
// 重构日志: 7b147d87
// 重构日志: 6744f959
// 重构日志: 9a0a13ca
// 重构日志: 558f86e8
// 同步 ID: d11806e7 @ Sat Aug  8 06:30:21 UTC 2026
// 同步 ID: 84369f0d @ Sat Aug  8 11:32:21 UTC 2026
// 重构日志: bb5838e3
